     1                                  ; Program Description: [Insert Description Here]
     2                                  ; Author: Michel Eter
     3                                  ; Creation Date: [Insert Creation Date]
     4                                  ; Revisions: [Insert Any Revisions]
     5                                  ; Date:              Modified by: Michel Eter
     6                                  ; Operating System: Mint Linux
     7                                  ; IDE/Compiler: Geany
     8                                  
     9                                  bits 32
    10                                  section .data  ;Initialized data definitions go here
    11                                  
    12                                  section .bss   ;Uninitialized memory reservations go here
    13                                  
    14                                  section .text
    15                                  
    16                                  global _start
    17                                  _start:
    18 00000000 90                        nop
    19                                    ;Code starts here
    20                                  
    21                                    ;Code ends here
    22 00000001 90                        nop
    23 00000002 B801000000                mov eax,1 ; Exit system call value
    24 00000007 BB00000000                mov ebx,0 ; Exit return code
    25 0000000C CD80                      int 80h ; Call the kernel
